I'm sorry, but errors were detected in your script. Please correct the
errors listed below, and try again.


File "game/script.rpy", line 34: invalid syntax
    Character('Jon Arbuckle' color="#c8ffc8")
                                  ^

Ren'Py Version: Ren'Py 6.18.3.761
